// 重构日志: 5193e507
// 重构日志: 56698f92
// 重构日志: 05210868
// 重构日志: 839dad55
// 重构日志: bd26de1d
// 重构日志: 55f6f177
// 同步 ID: d625a634 @ Sat Jul 11 07:01:09 UTC 2026
// 同步 ID: d5fa1bed @ Sat Jul 11 11:22:42 UTC 2026
// 重构日志: e70044c4
// 同步 ID: b8d2ea9d @ Mon Jul 13 11:43:26 UTC 2026
// 重构日志: f685191d
// 重构日志: 886047a9
// 同步 ID: 5535f1a9 @ Fri Jul 17 01:06:30 UTC 2026
// 同步 ID: ad440885 @ Fri Jul 17 18:35:43 UTC 2026
// 同步 ID: d92c5f5f @ Sat Jul 18 11:43:50 UTC 2026
// 重构日志: a28dd1a8
// 同步 ID: cbd30757 @ Sun Jul 19 07:49:16 UTC 2026
// 重构日志: 25899a0e
// 同步 ID: 0cee5363 @ Wed Jul 22 08:23:50 UTC 2026
// 重构日志: 4b04c247
// 同步 ID: e9ce1507 @ Thu Jul 23 08:50:46 UTC 2026
// 重构日志: 457530dc
// 同步 ID: 0626e8f0 @ Sat Jul 25 15:01:37 UTC 2026
// 同步 ID: e9b83e6e @ Sat Jul 25 16:50:03 UTC 2026
// 重构日志: fd84f359
// 同步 ID: e59ea535 @ Sun Jul 26 08:54:15 UTC 2026
// 重构日志: ee004ece
// 同步 ID: f9ebe26d @ Sun Jul 26 17:47:53 UTC 2026
// 重构日志: 765200d6
// 同步 ID: 8803f289 @ Mon Jul 27 09:19:58 UTC 2026
// 重构日志: 5a2426a1
